0.404122340425532
0.398803191489362
0.774202127659575
0.438164893617021
0.350797872340426
0.633909574468085
