1 0.40412232279778
2 0.3988031744957
3 0.77420210838318
4 0.43816488981247
5 0.3507978618145
6 0.63390958309174
