0.565217391304348
0.579710144927536
0.289855072463768
0.558823529411765
0.507462686567164
0.705882352941177
0.507246376811594
0.414285714285714
0.507246376811594
0.897058823529412
0.507246376811594
0.536231884057971
0.632352941176471
0.214285714285714
0.579710144927536
0.579710144927536
0.428571428571429
0.318840579710145
0.367647058823529
0.414285714285714
0.666666666666667
0.441176470588235
0.144927536231884
0.275362318840580
0.514285714285714
0.397058823529412
0.840579710144927
0.676470588235294
0.478260869565217
0.470588235294118
