102.471660145763394
105.830354089791271
52.632590564073070
97.862182869086993
83.095061354897211
121.200406813727099
86.854283232997275
74.937084268328888
88.647759302690005
146.687808844467810
86.693049234902659
94.740303487930248
108.527660968236958
-7.813579189865121
86.745006232420153
96.727138813466254
70.153696195486987
60.825922214300370
67.879324563615754
73.315372716527676
119.312517351204718
76.322000014725390
61.490381541421264
46.842160237789606
90.643976628007067
72.595280750109879
146.819112749444486
114.920145105691788
88.271669707620987
80.310417687150291
