0.558821854377659
0.565689881216713
0.290735567275577
0.558224391085371
0.516006556367648
0.692428250922631
0.502178234535130
0.420858188704175
0.500250463378739
0.874062685858481
0.511327175580976
0.547961815841116
0.629707902335168
0.236721700168452
0.563176303185717
0.577366911766857
0.435024990707820
0.319984447872476
0.384520790982675
0.414393195234088
0.655552491928550
0.432244345664137
0.150813452784873
0.298952225803629
0.515940720825918
0.412817076596633
0.803975696285833
0.659346913418893
0.487206494291298
0.483709275002803
