0.417006525285481
0.429785209352909
0.713227297444263
0.435902664491572
0.359230560087004
0.644847743338771
