102.259128952993791
105.823213406759251
52.306688943406634
98.057170544868256
83.223993299797016
121.190781026105583
86.747904919415106
75.126973005859938
88.323887521664716
147.210634901895219
87.282061234750032
94.824437025259670
108.514357313745322
38.377714353999394
87.123693006553125
96.548492894051350
70.395585884378221
60.890380111053418
68.039223744937075
73.073702440281423
120.083131296350885
76.125020606243638
28.022737547560887
46.873744186548599
90.642851270540007
72.862114466570759
147.050976396888103
114.759598796335041
88.620897701186465
80.111480249442522
